---
http_interactions:
- request:
    method: get
    uri: https://doi.org/10.1007%2F12080.1874-1746
    body:
      encoding: US-ASCII
      string: ''
    headers:
      User-Agent:
      - Faraday/v1.5.1 Serrano/v1.0.0 (mailto:myrmecocystus@gmail.com)
      Accept:
      - application/x-bibtex
      X-User-Agent:
      - Faraday/v1.5.1 Serrano/v1.0.0 (mailto:myrmecocystus@gmail.com)
      Accept-Encoding:
      - gzip;q=1.0,deflate;q=0.6,identity;q=0.3
  response:
    status:
      code: 302
      message: ''
    headers:
      Date:
      - Fri, 23 Jul 2021 15:45:07 GMT
      Content-Type:
      - text/html;charset=utf-8
      Content-Length:
      - '187'
      Connection:
      - keep-alive
      Vary:
      - Accept
      Location:
      - https://data.crossref.org/10.1007%2F12080.1874-1746
      Expires:
      - Fri, 23 Jul 2021 16:20:38 GMT
      Cf-Cache-Status:
      - DYNAMIC
      Expect-Ct:
      - max-age=604800, report-uri="https://report-uri.cloudflare.com/cdn-cgi/beacon/expect-ct"
      Report-To:
      - '{"endpoints":[{"url":"https:\/\/a.nel.cloudflare.com\/report\/v3?s=9mx7lKIdJHqOhM%2FwwrqJPekbXzYR8wAITz2XpCGKgoxYIesCr4dn758%2FABjo1ovmsNYxKP6PengTNQIdU3EIhtuxI7aR45LYqIrcuJcZH4Efe4MpRcGltm4%3D"}],"group":"cf-nel","max_age":604800}'
      Nel:
      - '{"report_to":"cf-nel","max_age":604800}'
      Strict-Transport-Security:
      - max-age=31536000; includeSubDomains; preload
      Server:
      - cloudflare
      Cf-Ray:
      - 673608b52e3e02a2-SEA
      Alt-Svc:
      - h3-27=":443"; ma=86400, h3-28=":443"; ma=86400, h3-29=":443"; ma=86400, h3=":443";
        ma=86400
    body:
      encoding: UTF-8
      string: |-
        <html><head><title>Handle Redirect</title></head>
        <body><a href="https://data.crossref.org/10.1007%2F12080.1874-1746">https://data.crossref.org/10.1007%2F12080.1874-1746</a></body></html>
  recorded_at: Fri, 23 Jul 2021 15:45:07 GMT
- request:
    method: get
    uri: https://data.crossref.org/10.1007%2F12080.1874-1746
    body:
      encoding: US-ASCII
      string: ''
    headers:
      User-Agent:
      - Faraday/v1.5.1 Serrano/v1.0.0 (mailto:myrmecocystus@gmail.com)
      Accept:
      - application/x-bibtex
      X-User-Agent:
      - Faraday/v1.5.1 Serrano/v1.0.0 (mailto:myrmecocystus@gmail.com)
      Accept-Encoding:
      - gzip;q=1.0,deflate;q=0.6,identity;q=0.3
  response:
    status:
      code: 200
      message: OK
    headers:
      Access-Control-Allow-Origin:
      - "*"
      Access-Control-Allow-Headers:
      - X-Requested-With, Accept, Accept-Encoding, Accept-Charset, Accept-Language,
        Accept-Ranges, Cache-Control
      Access-Control-Expose-Headers:
      - Link
      Link:
      - <http://dx.doi.org/10.1007/12080.1874-1746>; rel="canonical"
      Content-Type:
      - application/x-bibtex
      Content-Length:
      - '185'
      Server:
      - http-kit
      Date:
      - Fri, 23 Jul 2021 15:45:07 GMT
      X-Rate-Limit-Limit:
      - '50'
      X-Rate-Limit-Interval:
      - 1s
      Permissions-Policy:
      - interest-cohort=()
      Connection:
      - close
    body:
      encoding: UTF-8
      string: "@misc{1,\n\tdoi = {10.1007/12080.1874-1746},\n\turl = {https://doi.org/10.1007%2F12080.1874-1746},\n\tpublisher
        = {Springer Science and Business Media {LLC}},\n\ttitle = {Theoretical Ecology}\n}"
  recorded_at: Fri, 23 Jul 2021 15:45:07 GMT
- request:
    method: get
    uri: https://doi.org/10.1007%2F10452.1573-5125
    body:
      encoding: US-ASCII
      string: ''
    headers:
      User-Agent:
      - Faraday/v1.5.1 Serrano/v1.0.0 (mailto:myrmecocystus@gmail.com)
      Accept:
      - application/x-bibtex
      X-User-Agent:
      - Faraday/v1.5.1 Serrano/v1.0.0 (mailto:myrmecocystus@gmail.com)
      Accept-Encoding:
      - gzip;q=1.0,deflate;q=0.6,identity;q=0.3
  response:
    status:
      code: 302
      message: ''
    headers:
      Date:
      - Fri, 23 Jul 2021 15:45:08 GMT
      Content-Type:
      - text/html;charset=utf-8
      Content-Length:
      - '187'
      Connection:
      - keep-alive
      Vary:
      - Accept
      Location:
      - https://data.crossref.org/10.1007%2F10452.1573-5125
      Expires:
      - Fri, 23 Jul 2021 15:47:00 GMT
      Cf-Cache-Status:
      - DYNAMIC
      Expect-Ct:
      - max-age=604800, report-uri="https://report-uri.cloudflare.com/cdn-cgi/beacon/expect-ct"
      Report-To:
      - '{"endpoints":[{"url":"https:\/\/a.nel.cloudflare.com\/report\/v3?s=BW0vtoAL3g76yNGnLACwPrp5fCmRjehougcy%2FRv3UQnchAX3uB5WFhurfpuqH6lKRBZt0xvHq5wUmhWyX%2BTRjnbH4qSEKmUp0s%2BxeAI62CUuOuwvfdQQmAY%3D"}],"group":"cf-nel","max_age":604800}'
      Nel:
      - '{"report_to":"cf-nel","max_age":604800}'
      Strict-Transport-Security:
      - max-age=31536000; includeSubDomains; preload
      Server:
      - cloudflare
      Cf-Ray:
      - 673608b8fe0639b9-SEA
      Alt-Svc:
      - h3-27=":443"; ma=86400, h3-28=":443"; ma=86400, h3-29=":443"; ma=86400, h3=":443";
        ma=86400
    body:
      encoding: UTF-8
      string: |-
        <html><head><title>Handle Redirect</title></head>
        <body><a href="https://data.crossref.org/10.1007%2F10452.1573-5125">https://data.crossref.org/10.1007%2F10452.1573-5125</a></body></html>
  recorded_at: Fri, 23 Jul 2021 15:45:08 GMT
- request:
    method: get
    uri: https://data.crossref.org/10.1007%2F10452.1573-5125
    body:
      encoding: US-ASCII
      string: ''
    headers:
      User-Agent:
      - Faraday/v1.5.1 Serrano/v1.0.0 (mailto:myrmecocystus@gmail.com)
      Accept:
      - application/x-bibtex
      X-User-Agent:
      - Faraday/v1.5.1 Serrano/v1.0.0 (mailto:myrmecocystus@gmail.com)
      Accept-Encoding:
      - gzip;q=1.0,deflate;q=0.6,identity;q=0.3
  response:
    status:
      code: 200
      message: OK
    headers:
      Access-Control-Allow-Origin:
      - "*"
      Access-Control-Allow-Headers:
      - X-Requested-With, Accept, Accept-Encoding, Accept-Charset, Accept-Language,
        Accept-Ranges, Cache-Control
      Access-Control-Expose-Headers:
      - Link
      Link:
      - <http://dx.doi.org/10.1007/10452.1573-5125>; rel="canonical"
      Content-Type:
      - application/x-bibtex
      Content-Length:
      - '181'
      Server:
      - http-kit
      Date:
      - Fri, 23 Jul 2021 15:45:08 GMT
      X-Rate-Limit-Limit:
      - '50'
      X-Rate-Limit-Interval:
      - 1s
      Permissions-Policy:
      - interest-cohort=()
      Connection:
      - close
    body:
      encoding: UTF-8
      string: "@misc{1,\n\tdoi = {10.1007/10452.1573-5125},\n\turl = {https://doi.org/10.1007%2F10452.1573-5125},\n\tpublisher
        = {Springer Science and Business Media {LLC}},\n\ttitle = {Aquatic Ecology}\n}"
  recorded_at: Fri, 23 Jul 2021 15:45:08 GMT
- request:
    method: get
    uri: https://doi.org/10.1002%2F1096-9861(20010212)430:3%3C283::aid-cne1031%3E3.0.co;2-v
    body:
      encoding: US-ASCII
      string: ''
    headers:
      User-Agent:
      - Faraday/v1.5.1 Serrano/v1.0.0 (mailto:myrmecocystus@gmail.com)
      Accept:
      - application/x-bibtex
      X-User-Agent:
      - Faraday/v1.5.1 Serrano/v1.0.0 (mailto:myrmecocystus@gmail.com)
      Accept-Encoding:
      - gzip;q=1.0,deflate;q=0.6,identity;q=0.3
  response:
    status:
      code: 302
      message: ''
    headers:
      Date:
      - Fri, 23 Jul 2021 15:45:08 GMT
      Content-Type:
      - text/html;charset=utf-8
      Content-Length:
      - '293'
      Connection:
      - keep-alive
      Vary:
      - Accept
      Location:
      - https://data.crossref.org/10.1002%2F1096-9861%2820010212%29430%3A3%3C283%3A%3Aaid-cne1031%3E3.0.co%3B2-v
      Expires:
      - Fri, 23 Jul 2021 16:20:38 GMT
      Cf-Cache-Status:
      - DYNAMIC
      Expect-Ct:
      - max-age=604800, report-uri="https://report-uri.cloudflare.com/cdn-cgi/beacon/expect-ct"
      Report-To:
      - '{"endpoints":[{"url":"https:\/\/a.nel.cloudflare.com\/report\/v3?s=GoEfGFoL6c8d%2B%2FnyvcgFU9gTCw%2BZNLxmfJfQvJwaKx9KBlV0DzdTPH00QxrbqmsW46lRyzQ9rfkpsnzBJKYWYl26XKTM2d4qU%2BclaP%2BCoulnzyTKAYMwNyY%3D"}],"group":"cf-nel","max_age":604800}'
      Nel:
      - '{"report_to":"cf-nel","max_age":604800}'
      Strict-Transport-Security:
      - max-age=31536000; includeSubDomains; preload
      Server:
      - cloudflare
      Cf-Ray:
      - 673608bd7ea2f58d-SEA
      Alt-Svc:
      - h3-27=":443"; ma=86400, h3-28=":443"; ma=86400, h3-29=":443"; ma=86400, h3=":443";
        ma=86400
    body:
      encoding: UTF-8
      string: |-
        <html><head><title>Handle Redirect</title></head>
        <body><a href="https://data.crossref.org/10.1002%2F1096-9861%2820010212%29430%3A3%3C283%3A%3Aaid-cne1031%3E3.0.co%3B2-v">https://data.crossref.org/10.1002%2F1096-9861%2820010212%29430%3A3%3C283%3A%3Aaid-cne1031%3E3.0.co%3B2-v</a></body></html>
  recorded_at: Fri, 23 Jul 2021 15:45:08 GMT
- request:
    method: get
    uri: https://data.crossref.org/10.1002%2F1096-9861(20010212)430:3%3C283::aid-cne1031%3E3.0.co;2-v
    body:
      encoding: US-ASCII
      string: ''
    headers:
      User-Agent:
      - Faraday/v1.5.1 Serrano/v1.0.0 (mailto:myrmecocystus@gmail.com)
      Accept:
      - application/x-bibtex
      X-User-Agent:
      - Faraday/v1.5.1 Serrano/v1.0.0 (mailto:myrmecocystus@gmail.com)
      Accept-Encoding:
      - gzip;q=1.0,deflate;q=0.6,identity;q=0.3
  response:
    status:
      code: 200
      message: OK
    headers:
      Access-Control-Allow-Origin:
      - "*"
      Access-Control-Allow-Headers:
      - X-Requested-With, Accept, Accept-Encoding, Accept-Charset, Accept-Language,
        Accept-Ranges, Cache-Control
      Access-Control-Expose-Headers:
      - Link
      Link:
      - <http://dx.doi.org/10.1002/1096-9861(20010212)430:3<283::aid-cne1031>3.0.co;2-v>;
        rel="canonical", <https://api.wiley.com/onlinelibrary/tdm/v1/articles/10.1002%2F1096-9861(20010212)430:3%3C283::AID-CNE1031%3E3.0.CO;2-V>;
        version="vor"; rel="item", <https://onlinelibrary.wiley.com/doi/full/10.1002/1096-9861(20010212)430:3%3C283::AID-CNE1031%3E3.0.CO;2-V>;
        version="vor"; rel="item", <http://doi.wiley.com/10.1002/tdm_license_1.1>;
        version="tdm"; rel="license"
      Content-Type:
      - application/x-bibtex
      Content-Length:
      - '671'
      Server:
      - http-kit
      Date:
      - Fri, 23 Jul 2021 15:45:09 GMT
      X-Rate-Limit-Limit:
      - '50'
      X-Rate-Limit-Interval:
      - 1s
      Permissions-Policy:
      - interest-cohort=()
      Connection:
      - close
    body:
      encoding: UTF-8
      string: "@article{Sloviter_2001,\n\tdoi = {10.1002/1096-9861(20010212)430:3<283::aid-cne1031>3.0.co;2-v},\n\turl
        = {https://doi.org/10.1002%2F1096-9861%2820010212%29430%3A3%3C283%3A%3Aaid-cne1031%3E3.0.co%3B2-v},\n\tyear
        = 2001,\n\tpublisher = {Wiley},\n\tvolume = {430},\n\tnumber = {3},\n\tpages
        = {283--305},\n\tauthor = {Robert S. Sloviter and Leila Ali-Akbarian and Kathryn
        D. Horvath and Kent A. Menkens},\n\ttitle = {Substance P receptor expression
        by inhibitory interneurons of the rat hippocampus: Enhanced detection using
        improved immunocytochemical methods for the preservation and colocalization
        of {GABA} and other neuronal markers},\n\tjournal = {The Journal of Comparative
        Neurology}\n}"
  recorded_at: Fri, 23 Jul 2021 15:45:09 GMT
recorded_with: VCR 6.0.0
